// Jest Snapshot v1, https://goo.gl/fbAQLP

exports[`booksReducer should handle BooksApiActions.loadBookListFailed 1`] = `
{
  "books": [],
  "error": "mock error",
}
`;

exports[`booksReducer should handle BooksApiActions.loadBookListSuccessful 1`] = `
{
  "books": [
    {
      "id": "mock id 1",
      "volumeInfo": {
        "authors": [
          "mock authors 1",
        ],
        "title": "mock title 1",
      },
    },
    {
      "id": "mock id 2",
      "volumeInfo": {
        "authors": [
          "mock authors 2",
        ],
        "title": "mock title 2",
      },
    },
  ],
  "error": null,
}
`;
