// Jest Snapshot v1, https://goo.gl/fbAQLP

exports[`JoystickComponent should render a joystick 1`] = `
<ng-component>
  <app-joystick>
    <div
      class="joystick-container"
    >
      <div
        class="joystick"
        id="mockJoystickId"
      >
      </div>
    </div>
  </app-joystick>
</ng-component>
`;
